// Jest Snapshot v1, https://goo.gl/fbAQLP

exports[`components/atom/Loading Should render correct 1`] = `"Loading..."`;
